#-----------------------------------------------------------
# Vivado v2020.1 (64-bit)
# SW Build 2902540 on Wed May 27 19:54:35 MDT 2020
# IP Build 2902112 on Wed May 27 22:43:36 MDT 2020
# Start of session at: Tue Apr 29 11:45:00 2025
# Process ID: 2220767
# Current directory: /import/lab/users/seckinger/Master-Thesis/masterarbeit
# Command line: vivado
# Log file: /import/lab/users/seckinger/Master-Thesis/masterarbeit/vivado.log
# Journal file: /import/lab/users/seckinger/Master-Thesis/masterarbeit/vivado.jou
#-----------------------------------------------------------
start_gui
open_project /import/lab/users/seckinger/Master-Thesis/masterarbeit/Vivado/Wrapper_MA_single/Wrapper_MA_single.xpr
update_compile_order -fileset sources_1
launch_simulation
open_wave_config /import/lab/users/seckinger/Master-Thesis/masterarbeit/Vivado/Wrapper_MA_single/serdiv_wrapper_tb_behav.wcfg
source serdiv_wrapper_tb.tcl
save_wave_config {/import/lab/users/seckinger/Master-Thesis/masterarbeit/Vivado/Wrapper_MA_single/serdiv_wrapper_tb_behav.wcfg}
close_sim
launch_simulation
open_wave_config /import/lab/users/seckinger/Master-Thesis/masterarbeit/Vivado/Wrapper_MA_single/serdiv_wrapper_tb_behav.wcfg
source serdiv_wrapper_tb.tcl
close_sim
